../Core/Src/stm32f0xx_it.c:65:6:set_display	16	static
../Core/Src/stm32f0xx_it.c:72:6:execute_displays	16	static
../Core/Src/stm32f0xx_it.c:105:6:NMI_Handler	8	static
../Core/Src/stm32f0xx_it.c:120:6:HardFault_Handler	8	static
../Core/Src/stm32f0xx_it.c:135:6:SVC_Handler	8	static
../Core/Src/stm32f0xx_it.c:148:6:PendSV_Handler	8	static
../Core/Src/stm32f0xx_it.c:161:6:SysTick_Handler	8	static
../Core/Src/stm32f0xx_it.c:182:6:TIM2_IRQHandler	8	static
../Core/Src/stm32f0xx_it.c:196:6:TIM3_IRQHandler	8	static
